
> cafeteria-dashboard@0.1.0 build
> next build

node.exe : ÔÜá 
Warning: Next.js 
inferred your 
workspace root, but 
it may not be 
correct.
En línea: 1 
Carácter: 1
+ & "C:\Program Files
\nodejs/node.exe" 
"C:\Program 
Files\nodejs/node_mo 
...
+ ~~~~~~~~~~~~~~~~~~~
~~~~~~~~~~~~~~~~~~~~~
~~~~~~~~~~~~~~~~~~~~~
~~~~~~~~
    + CategoryInfo   
           : NotSpe  
  cified: (ÔÜá War   
 ning: Ne...not b    
e correct.:Strin    
g) [], RemoteExc    
eption
    + FullyQualified 
   ErrorId : Native  
  CommandError
 
 We detected 
multiple lockfiles 
and selected the 
directory of C:\Users
\jaras\package-lock.j
son as the root 
directory.
 To silence this 
warning, set 
`turbopack.root` in 
your Next.js config, 
or consider removing 
one of the lockfiles 
if it's not needed.
   See https://nextjs
.org/docs/app/api-ref
erence/config/next-co
nfig-js/turbopack#roo
t-directory for more 
information.
 Detected additional 
lockfiles: 
   * C:\Users\jaras\p
atitas-s3\front-s3\js
on\web\proyecto5-a\AP
I-4PM\Evaluaci├│n 
Pr├íctica C1. NextJS 
+ BDA\cafeteria-dashb
oard\package-lock.jso
n
   * C:\Users\jaras\p
atitas-s3\front-s3\js
on\web\proyecto5-a\AP
I-4PM\package-lock.js
on

Ôû▓ Next.js 16.1.6 (Turbopack)
- Environments: .env

  Creating an optimized production build ...
Ô£ô Compiled successfully in 6.9s
  Running TypeScript ...
  Collecting page data using 7 workers ...
  Generating static pages using 7 workers (0/8) ...
  Generating static pages using 7 workers (2/8) 
  Generating static pages using 7 workers (4/8) 
  Generating static pages using 7 workers (6/8) 
Error occurred 
prerendering page 
"/reports/payments". 
Read more: https://ne
xtjs.org/docs/message
s/prerender-error
Error: getaddrinfo 
ENOTFOUND db
    at <unknown> (C:\
Users\jaras\patitas-s
3\front-s3\json\web\p
royecto5-a\API-4PM\Ev
aluaci├│n Pr├íctica 
C1. NextJS + BDA\cafe
teria-dashboard\.next
\server\chunks\ssr\[r
oot-of-the-server]__8
eb10971._.js:1:1084)
    at new h (C:\User
s\jaras\patitas-s3\fr
ont-s3\json\web\proye
cto5-a\API-4PM\Evalua
ci├│n Pr├íctica C1. 
NextJS + BDA\cafeteri
a-dashboard\.next\ser
ver\chunks\ssr\[root-
of-the-server]__8eb10
971._.js:1:1126)
    at d (C:\Users\ja
ras\patitas-s3\front-
s3\json\web\proyecto5
-a\API-4PM\Evaluaci├│
n Pr├íctica C1. 
NextJS + BDA\cafeteri
a-dashboard\.next\ser
ver\chunks\ssr\[root-
of-the-server]__8eb10
971._.js:21:8226)
    at Object.obtener
MixPagos (C:\Users\ja
ras\patitas-s3\front-
s3\json\web\proyecto5
-a\API-4PM\Evaluaci├│
n Pr├íctica C1. 
NextJS + BDA\cafeteri
a-dashboard\.next\ser
ver\chunks\ssr\[root-
of-the-server]__8eb10
971._.js:21:12438) {
  errno: -3008,
  code: 'ENOTFOUND',
  syscall: 
'getaddrinfo',
  hostname: 'db',
  digest: 
'3709554628'
}
Export encountered 
an error on /reports/
payments/page: 
/reports/payments, 
exiting the build.
Ô¿» Next.js build 
worker exited with 
code: 1 and signal: 
null
